/home/ubuntu/klicklab-workers/node_modules/node-cron/dist/cjs/node-cron.js:40
    const stackLines = new Error().stack?.split('\n');
                                         ^

SyntaxError: Unexpected token '.'
    at wrapSafe (internal/modules/cjs/loader.js:915:16)
    at Module._compile (internal/modules/cjs/loader.js:963:27)
    at Object.Module._extensions..js (internal/modules/cjs/loader.js:1027:10)
    at Module.load (internal/modules/cjs/loader.js:863:32)
    at Function.Module._load (internal/modules/cjs/loader.js:708:14)
    at Module.require (internal/modules/cjs/loader.js:887:19)
    at Module.Hook._require.Module.require (/usr/local/lib/node_modules/pm2/node_modules/require-in-the-middle/index.js:101:39)
    at require (internal/modules/cjs/helpers.js:85:18)
    at Object.<anonymous> (/home/ubuntu/klicklab-workers/index.js:3:14)
    at Module._compile (internal/modules/cjs/loader.js:999:30)
/home/ubuntu/klicklab-workers/node_modules/node-cron/dist/cjs/node-cron.js:40
    const stackLines = new Error().stack?.split('\n');
                                         ^

SyntaxError: Unexpected token '.'
    at wrapSafe (internal/modules/cjs/loader.js:915:16)
    at Module._compile (internal/modules/cjs/loader.js:963:27)
    at Object.Module._extensions..js (internal/modules/cjs/loader.js:1027:10)
    at Module.load (internal/modules/cjs/loader.js:863:32)
    at Function.Module._load (internal/modules/cjs/loader.js:708:14)
    at Module.require (internal/modules/cjs/loader.js:887:19)
    at Module.Hook._require.Module.require (/usr/local/lib/node_modules/pm2/node_modules/require-in-the-middle/index.js:101:39)
    at require (internal/modules/cjs/helpers.js:85:18)
    at Object.<anonymous> (/home/ubuntu/klicklab-workers/index.js:3:14)
    at Module._compile (internal/modules/cjs/loader.js:999:30)
/home/ubuntu/klicklab-workers/node_modules/node-cron/dist/cjs/node-cron.js:40
    const stackLines = new Error().stack?.split('\n');
                                         ^

SyntaxError: Unexpected token '.'
    at wrapSafe (internal/modules/cjs/loader.js:915:16)
    at Module._compile (internal/modules/cjs/loader.js:963:27)
    at Object.Module._extensions..js (internal/modules/cjs/loader.js:1027:10)
    at Module.load (internal/modules/cjs/loader.js:863:32)
    at Function.Module._load (internal/modules/cjs/loader.js:708:14)
    at Module.require (internal/modules/cjs/loader.js:887:19)
    at Module.Hook._require.Module.require (/usr/local/lib/node_modules/pm2/node_modules/require-in-the-middle/index.js:101:39)
    at require (internal/modules/cjs/helpers.js:85:18)
    at Object.<anonymous> (/home/ubuntu/klicklab-workers/index.js:3:14)
    at Module._compile (internal/modules/cjs/loader.js:999:30)
/home/ubuntu/klicklab-workers/node_modules/node-cron/dist/cjs/node-cron.js:40
    const stackLines = new Error().stack?.split('\n');
                                         ^

SyntaxError: Unexpected token '.'
    at wrapSafe (internal/modules/cjs/loader.js:915:16)
    at Module._compile (internal/modules/cjs/loader.js:963:27)
    at Object.Module._extensions..js (internal/modules/cjs/loader.js:1027:10)
    at Module.load (internal/modules/cjs/loader.js:863:32)
    at Function.Module._load (internal/modules/cjs/loader.js:708:14)
    at Module.require (internal/modules/cjs/loader.js:887:19)
    at Module.Hook._require.Module.require (/usr/local/lib/node_modules/pm2/node_modules/require-in-the-middle/index.js:101:39)
    at require (internal/modules/cjs/helpers.js:85:18)
    at Object.<anonymous> (/home/ubuntu/klicklab-workers/index.js:3:14)
    at Module._compile (internal/modules/cjs/loader.js:999:30)
/home/ubuntu/klicklab-workers/node_modules/node-cron/dist/cjs/node-cron.js:40
    const stackLines = new Error().stack?.split('\n');
                                         ^

SyntaxError: Unexpected token '.'
    at wrapSafe (internal/modules/cjs/loader.js:915:16)
    at Module._compile (internal/modules/cjs/loader.js:963:27)
    at Object.Module._extensions..js (internal/modules/cjs/loader.js:1027:10)
    at Module.load (internal/modules/cjs/loader.js:863:32)
    at Function.Module._load (internal/modules/cjs/loader.js:708:14)
    at Module.require (internal/modules/cjs/loader.js:887:19)
    at Module.Hook._require.Module.require (/usr/local/lib/node_modules/pm2/node_modules/require-in-the-middle/index.js:101:39)
    at require (internal/modules/cjs/helpers.js:85:18)
    at Object.<anonymous> (/home/ubuntu/klicklab-workers/index.js:3:14)
    at Module._compile (internal/modules/cjs/loader.js:999:30)
/home/ubuntu/klicklab-workers/node_modules/node-cron/dist/cjs/node-cron.js:40
    const stackLines = new Error().stack?.split('\n');
                                         ^

SyntaxError: Unexpected token '.'
    at wrapSafe (internal/modules/cjs/loader.js:915:16)
    at Module._compile (internal/modules/cjs/loader.js:963:27)
    at Object.Module._extensions..js (internal/modules/cjs/loader.js:1027:10)
    at Module.load (internal/modules/cjs/loader.js:863:32)
    at Function.Module._load (internal/modules/cjs/loader.js:708:14)
    at Module.require (internal/modules/cjs/loader.js:887:19)
    at Module.Hook._require.Module.require (/usr/local/lib/node_modules/pm2/node_modules/require-in-the-middle/index.js:101:39)
    at require (internal/modules/cjs/helpers.js:85:18)
    at Object.<anonymous> (/home/ubuntu/klicklab-workers/index.js:3:14)
    at Module._compile (internal/modules/cjs/loader.js:999:30)
/home/ubuntu/klicklab-workers/node_modules/node-cron/dist/cjs/node-cron.js:40
    const stackLines = new Error().stack?.split('\n');
                                         ^

SyntaxError: Unexpected token '.'
    at wrapSafe (internal/modules/cjs/loader.js:915:16)
    at Module._compile (internal/modules/cjs/loader.js:963:27)
    at Object.Module._extensions..js (internal/modules/cjs/loader.js:1027:10)
    at Module.load (internal/modules/cjs/loader.js:863:32)
    at Function.Module._load (internal/modules/cjs/loader.js:708:14)
    at Module.require (internal/modules/cjs/loader.js:887:19)
    at Module.Hook._require.Module.require (/usr/local/lib/node_modules/pm2/node_modules/require-in-the-middle/index.js:101:39)
    at require (internal/modules/cjs/helpers.js:85:18)
    at Object.<anonymous> (/home/ubuntu/klicklab-workers/index.js:3:14)
    at Module._compile (internal/modules/cjs/loader.js:999:30)
/home/ubuntu/klicklab-workers/node_modules/node-cron/dist/cjs/node-cron.js:40
    const stackLines = new Error().stack?.split('\n');
                                         ^

SyntaxError: Unexpected token '.'
    at wrapSafe (internal/modules/cjs/loader.js:915:16)
    at Module._compile (internal/modules/cjs/loader.js:963:27)
    at Object.Module._extensions..js (internal/modules/cjs/loader.js:1027:10)
    at Module.load (internal/modules/cjs/loader.js:863:32)
    at Function.Module._load (internal/modules/cjs/loader.js:708:14)
    at Module.require (internal/modules/cjs/loader.js:887:19)
    at Module.Hook._require.Module.require (/usr/local/lib/node_modules/pm2/node_modules/require-in-the-middle/index.js:101:39)
    at require (internal/modules/cjs/helpers.js:85:18)
    at Object.<anonymous> (/home/ubuntu/klicklab-workers/index.js:3:14)
    at Module._compile (internal/modules/cjs/loader.js:999:30)
/home/ubuntu/klicklab-workers/node_modules/node-cron/dist/cjs/node-cron.js:40
    const stackLines = new Error().stack?.split('\n');
                                         ^

SyntaxError: Unexpected token '.'
    at wrapSafe (internal/modules/cjs/loader.js:915:16)
    at Module._compile (internal/modules/cjs/loader.js:963:27)
    at Object.Module._extensions..js (internal/modules/cjs/loader.js:1027:10)
    at Module.load (internal/modules/cjs/loader.js:863:32)
    at Function.Module._load (internal/modules/cjs/loader.js:708:14)
    at Module.require (internal/modules/cjs/loader.js:887:19)
    at Module.Hook._require.Module.require (/usr/local/lib/node_modules/pm2/node_modules/require-in-the-middle/index.js:101:39)
    at require (internal/modules/cjs/helpers.js:85:18)
    at Object.<anonymous> (/home/ubuntu/klicklab-workers/index.js:3:14)
    at Module._compile (internal/modules/cjs/loader.js:999:30)
/home/ubuntu/klicklab-workers/node_modules/node-cron/dist/cjs/node-cron.js:40
    const stackLines = new Error().stack?.split('\n');
                                         ^

SyntaxError: Unexpected token '.'
    at wrapSafe (internal/modules/cjs/loader.js:915:16)
    at Module._compile (internal/modules/cjs/loader.js:963:27)
    at Object.Module._extensions..js (internal/modules/cjs/loader.js:1027:10)
    at Module.load (internal/modules/cjs/loader.js:863:32)
    at Function.Module._load (internal/modules/cjs/loader.js:708:14)
    at Module.require (internal/modules/cjs/loader.js:887:19)
    at Module.Hook._require.Module.require (/usr/local/lib/node_modules/pm2/node_modules/require-in-the-middle/index.js:101:39)
    at require (internal/modules/cjs/helpers.js:85:18)
    at Object.<anonymous> (/home/ubuntu/klicklab-workers/index.js:3:14)
    at Module._compile (internal/modules/cjs/loader.js:999:30)
/home/ubuntu/klicklab-workers/node_modules/node-cron/dist/cjs/node-cron.js:40
    const stackLines = new Error().stack?.split('\n');
                                         ^

SyntaxError: Unexpected token '.'
    at wrapSafe (internal/modules/cjs/loader.js:915:16)
    at Module._compile (internal/modules/cjs/loader.js:963:27)
    at Object.Module._extensions..js (internal/modules/cjs/loader.js:1027:10)
    at Module.load (internal/modules/cjs/loader.js:863:32)
    at Function.Module._load (internal/modules/cjs/loader.js:708:14)
    at Module.require (internal/modules/cjs/loader.js:887:19)
    at Module.Hook._require.Module.require (/usr/local/lib/node_modules/pm2/node_modules/require-in-the-middle/index.js:101:39)
    at require (internal/modules/cjs/helpers.js:85:18)
    at Object.<anonymous> (/home/ubuntu/klicklab-workers/index.js:3:14)
    at Module._compile (internal/modules/cjs/loader.js:999:30)
/home/ubuntu/klicklab-workers/node_modules/node-cron/dist/cjs/node-cron.js:40
    const stackLines = new Error().stack?.split('\n');
                                         ^

SyntaxError: Unexpected token '.'
    at wrapSafe (internal/modules/cjs/loader.js:915:16)
    at Module._compile (internal/modules/cjs/loader.js:963:27)
    at Object.Module._extensions..js (internal/modules/cjs/loader.js:1027:10)
    at Module.load (internal/modules/cjs/loader.js:863:32)
    at Function.Module._load (internal/modules/cjs/loader.js:708:14)
    at Module.require (internal/modules/cjs/loader.js:887:19)
    at Module.Hook._require.Module.require (/usr/local/lib/node_modules/pm2/node_modules/require-in-the-middle/index.js:101:39)
    at require (internal/modules/cjs/helpers.js:85:18)
    at Object.<anonymous> (/home/ubuntu/klicklab-workers/index.js:3:14)
    at Module._compile (internal/modules/cjs/loader.js:999:30)
/home/ubuntu/klicklab-workers/node_modules/node-cron/dist/cjs/node-cron.js:40
    const stackLines = new Error().stack?.split('\n');
                                         ^

SyntaxError: Unexpected token '.'
    at wrapSafe (internal/modules/cjs/loader.js:915:16)
    at Module._compile (internal/modules/cjs/loader.js:963:27)
    at Object.Module._extensions..js (internal/modules/cjs/loader.js:1027:10)
    at Module.load (internal/modules/cjs/loader.js:863:32)
    at Function.Module._load (internal/modules/cjs/loader.js:708:14)
    at Module.require (internal/modules/cjs/loader.js:887:19)
    at Module.Hook._require.Module.require (/usr/local/lib/node_modules/pm2/node_modules/require-in-the-middle/index.js:101:39)
    at require (internal/modules/cjs/helpers.js:85:18)
    at Object.<anonymous> (/home/ubuntu/klicklab-workers/index.js:3:14)
    at Module._compile (internal/modules/cjs/loader.js:999:30)
/home/ubuntu/klicklab-workers/node_modules/node-cron/dist/cjs/node-cron.js:40
    const stackLines = new Error().stack?.split('\n');
                                         ^

SyntaxError: Unexpected token '.'
    at wrapSafe (internal/modules/cjs/loader.js:915:16)
    at Module._compile (internal/modules/cjs/loader.js:963:27)
    at Object.Module._extensions..js (internal/modules/cjs/loader.js:1027:10)
    at Module.load (internal/modules/cjs/loader.js:863:32)
    at Function.Module._load (internal/modules/cjs/loader.js:708:14)
    at Module.require (internal/modules/cjs/loader.js:887:19)
    at Module.Hook._require.Module.require (/usr/local/lib/node_modules/pm2/node_modules/require-in-the-middle/index.js:101:39)
    at require (internal/modules/cjs/helpers.js:85:18)
    at Object.<anonymous> (/home/ubuntu/klicklab-workers/index.js:3:14)
    at Module._compile (internal/modules/cjs/loader.js:999:30)
/home/ubuntu/klicklab-workers/node_modules/node-cron/dist/cjs/node-cron.js:40
    const stackLines = new Error().stack?.split('\n');
                                         ^

SyntaxError: Unexpected token '.'
    at wrapSafe (internal/modules/cjs/loader.js:915:16)
    at Module._compile (internal/modules/cjs/loader.js:963:27)
    at Object.Module._extensions..js (internal/modules/cjs/loader.js:1027:10)
    at Module.load (internal/modules/cjs/loader.js:863:32)
    at Function.Module._load (internal/modules/cjs/loader.js:708:14)
    at Module.require (internal/modules/cjs/loader.js:887:19)
    at Module.Hook._require.Module.require (/usr/local/lib/node_modules/pm2/node_modules/require-in-the-middle/index.js:101:39)
    at require (internal/modules/cjs/helpers.js:85:18)
    at Object.<anonymous> (/home/ubuntu/klicklab-workers/index.js:3:14)
    at Module._compile (internal/modules/cjs/loader.js:999:30)
/home/ubuntu/klicklab-workers/node_modules/node-cron/dist/cjs/node-cron.js:40
    const stackLines = new Error().stack?.split('\n');
                                         ^

SyntaxError: Unexpected token '.'
    at wrapSafe (internal/modules/cjs/loader.js:915:16)
    at Module._compile (internal/modules/cjs/loader.js:963:27)
    at Object.Module._extensions..js (internal/modules/cjs/loader.js:1027:10)
    at Module.load (internal/modules/cjs/loader.js:863:32)
    at Function.Module._load (internal/modules/cjs/loader.js:708:14)
    at Module.require (internal/modules/cjs/loader.js:887:19)
    at Module.Hook._require.Module.require (/usr/local/lib/node_modules/pm2/node_modules/require-in-the-middle/index.js:101:39)
    at require (internal/modules/cjs/helpers.js:85:18)
    at Object.<anonymous> (/home/ubuntu/klicklab-workers/index.js:3:14)
    at Module._compile (internal/modules/cjs/loader.js:999:30)
/home/ubuntu/klicklab-workers/node_modules/node-cron/dist/cjs/node-cron.js:40
    const stackLines = new Error().stack?.split('\n');
                                         ^

SyntaxError: Unexpected token '.'
    at wrapSafe (internal/modules/cjs/loader.js:915:16)
    at Module._compile (internal/modules/cjs/loader.js:963:27)
    at Object.Module._extensions..js (internal/modules/cjs/loader.js:1027:10)
    at Module.load (internal/modules/cjs/loader.js:863:32)
    at Function.Module._load (internal/modules/cjs/loader.js:708:14)
    at Module.require (internal/modules/cjs/loader.js:887:19)
    at Module.Hook._require.Module.require (/usr/local/lib/node_modules/pm2/node_modules/require-in-the-middle/index.js:101:39)
    at require (internal/modules/cjs/helpers.js:85:18)
    at Object.<anonymous> (/home/ubuntu/klicklab-workers/index.js:3:14)
    at Module._compile (internal/modules/cjs/loader.js:999:30)
/home/ubuntu/klicklab-workers/node_modules/node-cron/dist/cjs/node-cron.js:40
    const stackLines = new Error().stack?.split('\n');
                                         ^

SyntaxError: Unexpected token '.'
    at wrapSafe (internal/modules/cjs/loader.js:915:16)
    at Module._compile (internal/modules/cjs/loader.js:963:27)
    at Object.Module._extensions..js (internal/modules/cjs/loader.js:1027:10)
    at Module.load (internal/modules/cjs/loader.js:863:32)
    at Function.Module._load (internal/modules/cjs/loader.js:708:14)
    at Module.require (internal/modules/cjs/loader.js:887:19)
    at Module.Hook._require.Module.require (/usr/local/lib/node_modules/pm2/node_modules/require-in-the-middle/index.js:101:39)
    at require (internal/modules/cjs/helpers.js:85:18)
    at Object.<anonymous> (/home/ubuntu/klicklab-workers/index.js:3:14)
    at Module._compile (internal/modules/cjs/loader.js:999:30)
/home/ubuntu/klicklab-workers/node_modules/node-cron/dist/cjs/node-cron.js:40
    const stackLines = new Error().stack?.split('\n');
                                         ^

SyntaxError: Unexpected token '.'
    at wrapSafe (internal/modules/cjs/loader.js:915:16)
    at Module._compile (internal/modules/cjs/loader.js:963:27)
    at Object.Module._extensions..js (internal/modules/cjs/loader.js:1027:10)
    at Module.load (internal/modules/cjs/loader.js:863:32)
    at Function.Module._load (internal/modules/cjs/loader.js:708:14)
    at Module.require (internal/modules/cjs/loader.js:887:19)
    at Module.Hook._require.Module.require (/usr/local/lib/node_modules/pm2/node_modules/require-in-the-middle/index.js:101:39)
    at require (internal/modules/cjs/helpers.js:85:18)
    at Object.<anonymous> (/home/ubuntu/klicklab-workers/index.js:3:14)
    at Module._compile (internal/modules/cjs/loader.js:999:30)
/home/ubuntu/klicklab-workers/node_modules/node-cron/dist/cjs/node-cron.js:40
    const stackLines = new Error().stack?.split('\n');
                                         ^

SyntaxError: Unexpected token '.'
    at wrapSafe (internal/modules/cjs/loader.js:915:16)
    at Module._compile (internal/modules/cjs/loader.js:963:27)
    at Object.Module._extensions..js (internal/modules/cjs/loader.js:1027:10)
    at Module.load (internal/modules/cjs/loader.js:863:32)
    at Function.Module._load (internal/modules/cjs/loader.js:708:14)
    at Module.require (internal/modules/cjs/loader.js:887:19)
    at Module.Hook._require.Module.require (/usr/local/lib/node_modules/pm2/node_modules/require-in-the-middle/index.js:101:39)
    at require (internal/modules/cjs/helpers.js:85:18)
    at Object.<anonymous> (/home/ubuntu/klicklab-workers/index.js:3:14)
    at Module._compile (internal/modules/cjs/loader.js:999:30)
2025-07-15T08:20:00: ❌ 집계 실패: connect ECONNREFUSED 127.0.0.1:8123

