2025-07-15T08:15:50: [2025-07-15T08:15:50.480Z] 📡 통합 스케줄러 index.js 시작됨
2025-07-15T08:17:49: [2025-07-15T08:17:49.194Z] 📡 통합 스케줄러 index.js 시작됨
2025-07-15T08:19:48: [2025-07-15T08:19:48.345Z] 📡 통합 스케줄러 index.js 시작됨
2025-07-15T08:20:00: [2025-07-15T08:20:00.351Z] ▶ insertMM.js 실행 시작
2025-07-15T08:20:00: [2025-07-15T08:20:00.472Z] ✅ insertMM.js 완료
2025-07-15T08:20:00: [2025-07-15T08:20:00.472Z] ▶ insertMU.js 실행 시작
2025-07-15T08:20:00: [2025-07-15T08:20:00.580Z] ❌ insertMU.js 실패: Command failed: node "/home/ubuntu/klicklab-workers/insertMU.js"
❌ 집계 실패: Error: connect ECONNREFUSED 127.0.0.1:8123
    at TCPConnectWrap.afterConnect [as oncomplete] (node:net:1555:16) {
  errno: -111,
  code: 'ECONNREFUSED',
  syscall: 'connect',
  address: '127.0.0.1',
  port: 8123
}

2025-07-15T08:21:17: [2025-07-15T08:21:17.172Z] 📡 통합 스케줄러 index.js 시작됨
2025-07-15T08:30:00: [2025-07-15T08:30:00.394Z] ▶ insertMM.js 실행 시작
2025-07-15T08:30:00: [2025-07-15T08:30:00.478Z] ❌ insertMM.js 실패: Command failed: node "/home/ubuntu/klicklab-workers/insertMM.js"
/home/ubuntu/klicklab-workers/node_modules/@clickhouse/client-common/dist/config.js:128
        throw new Error('ClickHouse URL is malformed. Expected format: http[s]://[username:password@]hostname:port[/database][?param1=value1&param2=value2]', { cause: err });
        ^

Error: ClickHouse URL is malformed. Expected format: http[s]://[username:password@]hostname:port[/database][?param1=value1&param2=value2]
    at createUrl (/home/ubuntu/klicklab-workers/node_modules/@clickhouse/client-common/dist/config.js:128:15)
    at prepareConfigWithURL (/home/ubuntu/klicklab-workers/node_modules/@clickhouse/client-common/dist/config.js:40:21)
    ... 5 lines matching cause stack trace ...
    at Module.load (node:internal/modules/cjs/loader:1203:32)
    at Module._load (node:internal/modules/cjs/loader:1019:12)
    at Module.require (node:internal/modules/cjs/loader:1231:19) {
  [cause]: TypeError [ERR_INVALID_URL]: Invalid URL
      at new NodeError (node:internal/errors:405:5)
      at new URL (node:internal/url:676:13)
      at createUrl (/home/ubuntu/klicklab-workers/node_modules/@clickhouse/client-common/dist/config.js:121:19)
      at prepareConfigWithURL (/home/ubuntu/klicklab-workers/node_modules/@clickhouse/client-common/dist/config.js:40:21)
      at new ClickHouseClient (/home/ubuntu/klicklab-workers/node_modules/@clickhouse/client-common/dist/client.js:59:65)
      at createClient (/home/ubuntu/klicklab-workers/node_modules/@clickhouse/client/dist/client.js:15:12)
      at Object.<anonymous> (/home/ubuntu/klicklab-workers/config/clickhouse.js:3:20)
      at Module._compile (node:internal/modules/cjs/loader:1364:14)
      at Module._extensions..js (node:internal/modules/cjs/loader:1422:10)
      at Module.load (node:internal/modules/cjs/loader:1203:32) {
    input: 'http://undefined:undefined',
    code: 'ERR_INVALID_URL'
  }
}

Node.js v18.20.6

2025-07-15T08:30:49: [2025-07-15T08:30:49.617Z] 📡 통합 스케줄러 index.js 시작됨
